
> aya-v1@0.1.0 build
> next build

node.exe :  ΓÜá Warning: Next.js inferred your workspace root, 
but it may not be correct.
At C:\Program Files\nodejs\npm.ps1:29 char:3
+   & $NODE_EXE $NPM_CLI_JS $args
+   ~~~~~~~~~~~~~~~~~~~~~~~~~~~~~
    + CategoryInfo          : NotSpecified: ( ΓÜá Warning: N... 
   not be correct.:String) [], RemoteException
    + FullyQualifiedErrorId : NativeCommandError
 
 We detected multiple lockfiles and selected the directory of 
C:\Users\user\package-lock.json as the root directory.
 To silence this warning, set `turbopack.root` in your Next.js 
config, or consider removing one of the lockfiles if it's not 
needed.
   See https://nextjs.org/docs/app/api-reference/config/next-con
fig-js/turbopack#root-directory for more information.
 Detected additional lockfiles: 
   * C:\Users\user\Desktop\work\aya-v1\package-lock.json

   Γû▓ Next.js 16.0.1 (Turbopack)

   Creating an optimized production build ...
 Γ£ô Compiled successfully in 60s
   Running TypeScript ...
Failed to compile.

./app/measurements/page.tsx:83:35
Type error: Property 'timestamp' does not exist on type 
'Measurement'.

[0m [90m 81 |[39m                   )}
 [90m 82 |[39m                   [33m<[39m[33mp[39m 
className[33m=[39m[32m"mt-2 text-xs text-slate-500 
dark:text-slate-400"[39m[33m>[39m
[31m[1m>[22m[39m[90m 83 |[39m                     
{formatDate(m[33m.[39mtimestamp)} at 
{formatTime(m[33m.[39mtimestamp)}
 [90m    |[39m                                   
[31m[1m^[22m[39m
 [90m 84 |[39m                   
[33m<[39m[33m/[39m[33mp[39m[33m>[39m
 [90m 85 |[39m                 
[33m<[39m[33m/[39m[33mdiv[39m[33m>[39m
 [90m 86 |[39m                 [33m<[39m[33mdiv[39m[0m
Next.js build worker exited with code: 1 and signal: null
